// Jest Snapshot v1, https://goo.gl/fbAQLP

exports[`Testing Chart should match the snapshot 1`] = `
<div
  style={
    Object {
      "height": "400px",
      "width": "100%",
    }
  }
>
  <div />
</div>
`;
