// Jest Snapshot v1, https://goo.gl/fbAQLP

exports[`renders correctly 1`] = `
<div
  className="inner-card"
>
  <img
    alt="undefined-logo"
    className="card-img"
  />
  <p
    className="card-name"
  />
</div>
`;
