// Jest Snapshot v1, https://goo.gl/fbAQLP

exports[`renders correctly 1`] = `
<div
  style={
    Object {
      "height": "400px",
      "width": "80vw",
    }
  }
>
  Loading...
</div>
`;
