// Jest Snapshot v1, https://goo.gl/fbAQLP

exports[`Testing Currencies should match the snapshot 1`] = `
<section
  className="coins_container"
>
  <header>
    <div>
      <h2
        className="details_title title"
      >
        Top 100 Crypto Currencies Data
      </h2>
      <h3
        className="details_subtitle subtitle"
      >
        A comprehensive overview of the top 100 cryptocurrencies, including their
         
        market capitalization, price trends, trading volumes, and key features
      </h3>
    </div>
    <div>
      <form>
        <input
          data-testid="input"
          id="name"
          name="name"
          onChange={[Function]}
          placeholder="Search here..."
          type="text"
        />
        <svg
          fill="currentColor"
          height="1em"
          stroke="currentColor"
          strokeWidth="0"
          style={
            Object {
              "color": undefined,
            }
          }
          viewBox="0 0 24 24"
          width="1em"
          xmlns="http://www.w3.org/2000/svg"
        >
          <path
            d="M10 18a7.952 7.952 0 0 0 4.897-1.688l4.396 4.396 1.414-1.414-4.396-4.396A7.952 7.952 0 0 0 18 10c0-4.411-3.589-8-8-8s-8 3.589-8 8 3.589 8 8 8zm0-14c3.309 0 6 2.691 6 6s-2.691 6-6 6-6-2.691-6-6 2.691-6 6-6z"
          />
        </svg>
      </form>
    </div>
  </header>
  <main>
    <div
      className="currency-list"
    >
      <div
        className="labels"
      >
        <p>
          #
        </p>
        <p>
          Coin
        </p>
        <p>
          Sym
        </p>
        <p>
          Price
        </p>
        <p>
          1h
        </p>
        <p>
          24h
        </p>
        <p>
          7d
        </p>
        <p>
          24h Vol
        </p>
        <p>
          Mkt Cap
        </p>
      </div>
      <ul
        className="currencies"
        data-testid="coins-list-container"
      />
    </div>
  </main>
</section>
`;
